// Jest Snapshot v1, https://goo.gl/fbAQLP

exports[`The home page 1`] = `
<div>
  <div
    class="home page"
    id="home"
  >
    <section
      class="hero"
    >
      <section
        class="hero__text"
      >
        <h1
          class="hero__header"
        >
          Hi, I'm Josie.
        </h1>
        <h2
          class="hero__intro"
        >
          I'm a Bristol-based junior full stack developer.
        </h2>
        <button
          class="hero__button button--primary button"
        >
          <a
            href="#projects"
          >
            See my projects
          </a>
        </button>
      </section>
      <img
        alt="hero"
        class="hero__image"
        src="landing-img.svg"
      />
    </section>
    <article
      class="scroll"
    >
      <img
        alt=""
        class="scroll__image"
        src="carousel-arrow2.svg"
      />
      <p
        class="scroll__text"
      >
        scroll
      </p>
    </article>
  </div>
</div>
`;
