// Jest Snapshot v1, https://goo.gl/fbAQLP

exports[`The landing page 1`] = `
<div>
  <main
    class="landing"
    id="landing"
  >
    <div
      class="landing__artwork"
    >
      <img
        alt=""
        class="landing__art "
        src="flowers-05.svg"
      />
      <img
        alt=""
        class="landing__art "
        src="flowers-06.svg"
      />
      <img
        alt=""
        class="landing__art "
        src="flowers-01.svg"
      />
      <img
        alt=""
        class="landing__art "
        src="flowers-02.svg"
      />
      <img
        alt=""
        class="landing__art "
        src="flowers-05.svg"
      />
      <img
        alt=""
        class="landing__art "
        src="flowers-01.svg"
      />
      <img
        alt=""
        class="landing__art "
        src="flowers-03.svg"
      />
      <img
        alt=""
        class="landing__art "
        src="flowers-07.svg"
      />
      <img
        alt=""
        class="landing__art "
        src="flowers-05.svg"
      />
      <img
        alt=""
        class="landing__art "
        src="flowers-03.svg"
      />
      <img
        alt=""
        class="landing__art "
        src="flowers-07.svg"
      />
      <img
        alt=""
        class="landing__art "
        src="flowers-01.svg"
      />
    </div>
    <section
      class="landing-hero"
    >
      <img
        alt="jnlogo"
        class="landing-hero__logo"
        src="jnlogo-landing3-01.svg"
        srcset=""
      />
      <button
        class="landing__button button--primary"
      >
        Enter portfolio
      </button>
    </section>
  </main>
</div>
`;
