// Jest Snapshot v1, https://goo.gl/fbAQLP

exports[`Home page should render 1`] = `
<div>
  <header>
    <nav
      class="navbar"
    >
      <img
        alt="logo"
        class="navbar__logo"
        src="jnlogo-02.svg"
      />
      <ul
        class="navbar__links"
      >
        <li
          class="navbar__link"
        >
          <a
            href="#home"
          >
            home
          </a>
        </li>
        <li
          class="navbar__link"
        >
          <a
            href="#projects"
          >
            projects
          </a>
        </li>
        <li
          class="navbar__link"
        >
          <a
            href="#skills"
          >
            skills
          </a>
        </li>
        <li
          class="navbar__link"
        >
          <a
            href="#contact"
          >
            contact
          </a>
        </li>
      </ul>
      <img
        alt="nav-menu"
        class="navbar__hamburger"
        src="hamburger.svg"
      />
    </nav>
  </header>
</div>
`;
