// Jest Snapshot v1, https://goo.gl/fbAQLP

exports[`Carousel should render 1`] = `
<div>
  <section
    class="carousel"
  >
    <div
      class="carousel__buttons"
    >
      <button
        class="carousel__button"
        role="button"
      >
        <img
          alt=""
          src="arrow.svg"
        />
      </button>
      <button
        class="carousel__button"
        role="button"
      >
        <img
          alt=""
          src="arrow.svg"
        />
      </button>
    </div>
    <div
      class="carousel__copy"
    >
      <h3
        class="carousel__header"
      >
        Project Name
      </h3>
      <p
        class="carousel__text"
      >
        Lorem ipsum dolor sit, amet consectetur adipisicing elit. Quia possimus minima maiores eos iusto quam ut exercitationem sit assumenda, corporis cum incidunt aliquam facere placeat, qui aliquid quod esse deleniti.
      </p>
    </div>
  </section>
</div>
`;
